// Jest Snapshot v1, https://goo.gl/fbAQLP

exports[`test card render card 1`] = `ShallowWrapper {}`;
