// Jest Snapshot v1, https://goo.gl/fbAQLP

exports[`renders App component render app 1`] = `ShallowWrapper {}`;
